<?xml version="1.0" encoding="UTF-8"?>
<testsuites name="jest tests" tests="7" failures="0" time="2.232">
  <testsuite name="classes" errors="0" failures="0" skipped="0" timestamp="2019-11-19T16:31:00" time="1.284" tests="5">
    <testcase classname="classes 接收一个 classname" name="classes 接收一个 classname" time="0.003">
    </testcase>
    <testcase classname="classes 接收多个 classname" name="classes 接收多个 classname" time="0">
    </testcase>
    <testcase classname="classes 接收一个参数为 undefined" name="classes 接收一个参数为 undefined" time="0">
    </testcase>
    <testcase classname="classes 不传参数" name="classes 不传参数" time="0.001">
    </testcase>
    <testcase classname="scopedClassMaker 可以传入字符串或对象" name="scopedClassMaker 可以传入字符串或对象" time="0.013">
    </testcase>
  </testsuite>
  <testsuite name="icon" errors="0" failures="0" skipped="0" timestamp="2019-11-19T16:31:01" time="0.183" tests="2">
    <testcase classname="icon render successfully" name="icon render successfully" time="0.011">
    </testcase>
    <testcase classname="icon onClick" name="icon onClick" time="0.032">
    </testcase>
  </testsuite>
</testsuites>